============================= test session starts =============================
platform win32 -- Python 3.12.14, pytest-9.1.1, pluggy-1.6.0
rootdir: .
configfile: pyproject.toml
testpaths: tests
collected 826 items

tests\contracts\test_m1_bench_summary.py .....                           [  0%]
tests\contracts\test_m1_ble_connparam_independent_analysis.py .......... [  1%]
..                                                                       [  2%]
tests\contracts\test_m1_ble_fresh_device_factory.py ....                 [  2%]
tests\contracts\test_m1_ble_link_count_formal.py ....................    [  4%]
tests\contracts\test_m1_ble_link_count_formal_v8.py .....                [  5%]
tests\contracts\test_m1_ble_link_count_formal_v9.py ......               [  6%]
tests\contracts\test_m1_ble_link_count_precheck.py ..................... [  8%]
.......                                                                  [  9%]
tests\contracts\test_m1_ble_link_matrix.py ............                  [ 11%]
tests\contracts\test_m1_ble_link_matrix_audit.py .......                 [ 11%]
tests\contracts\test_m1_ble_link_matrix_control.py ...............       [ 13%]
tests\contracts\test_m1_ble_link_matrix_event_timing.py ................ [ 15%]
..                                                                       [ 15%]
tests\contracts\test_m1_ble_link_matrix_preflight.py ..........          [ 17%]
tests\contracts\test_m1_ble_link_matrix_session.py .....                 [ 17%]
tests\contracts\test_m1_ble_physical_gates.py .............              [ 19%]
tests\contracts\test_m1_ble_recorder.py ................................ [ 23%]
......                                                                   [ 23%]
tests\contracts\test_m1_ble_recovery.py ..                               [ 24%]
tests\contracts\test_m1_capture.py .........                             [ 25%]
tests\contracts\test_m1_control.py ...........                           [ 26%]
tests\contracts\test_m1_packet.py .......                                [ 27%]
tests\contracts\test_m1_sequence_qc.py ..........                        [ 28%]
tests\contracts\test_m1_usb.py ......                                    [ 29%]
tests\contracts\test_m1_usb_dual_bench.py .....                          [ 30%]
tests\integration\test_dependency_smoke.py ...                           [ 30%]
tests\integration\test_docs_consistency.py .                             [ 30%]
tests\integration\test_m1_clock_mapping_synthetic.py ..                  [ 30%]
tests\integration\test_m1_single_node_smoke.py ..                        [ 30%]
tests\integration\test_m2_offline_example.py ..                          [ 31%]
tests\integration\test_m2_replay_m1_bench.py ..                          [ 31%]
tests\integration\test_m2_replay_recorded.py .                           [ 31%]
tests\integration\test_m3_synthetic_pipeline.py .                        [ 31%]
tests\integration\test_m4_synthetic_pipeline.py .                        [ 31%]
tests\integration\test_m5_baseline.py .........                          [ 32%]
tests\integration\test_m5_formal_replay.py ..............                [ 34%]
tests\integration\test_m5_perturbation.py .....................          [ 37%]
tests\integration\test_m5_recorded_dual.py ......................        [ 39%]
tests\integration\test_m5_recorded_node.py .....................         [ 42%]
tests\integration\test_m5_recorded_segments.py ......................... [ 45%]
.....                                                                    [ 46%]
tests\integration\test_m5_replay_entry.py .............................. [ 49%]
                                                                         [ 49%]
tests\integration\test_m5_source_export.py .                             [ 49%]
tests\integration\test_m5_stored_demo.py ..............                  [ 51%]
tests\integration\test_m6_sample.py .................................... [ 55%]
............................                                             [ 59%]
tests\unit\test_m1_clock_mapping.py ..........                           [ 60%]
tests\unit\test_m1_raw_adapter.py ...                                    [ 60%]
tests\unit\test_m2_calibration.py ..........                             [ 61%]
tests\unit\test_m2_frames.py ........                                    [ 62%]
tests\unit\test_m2_orientation.py ..............                         [ 64%]
tests\unit\test_m2_relative_orientation.py ................              [ 66%]
tests\unit\test_m2_replay.py ........                                    [ 67%]
tests\unit\test_m3_angular_speed.py ............                         [ 69%]
tests\unit\test_m3_elevation.py .................                        [ 71%]
tests\unit\test_m3_interval_rom.py ..............                        [ 72%]
tests\unit\test_m4_metrics.py ...................................        [ 76%]
tests\unit\test_m4_segmentation.py ..................................... [ 81%]
......................                                                   [ 84%]
tests\unit\test_m4_summary.py .......................................    [ 88%]
tests\unit\test_m4_thorax.py ........................................... [ 94%]
............                                                             [ 95%]
tests\unit\test_m5_manifest.py ...                                       [ 95%]
tests\unit\test_m5_source.py ..........................                  [ 99%]
tests\unit\test_reconstruction.py ........                               [100%]

======================= 826 passed in 571.49s (0:09:31) =======================
