Traceback (most recent call last):
  File "<frozen runpy>", line 198, in _run_module_as_main
  File "<frozen runpy>", line 88, in _run_code
  File ".\.venv\Lib\site-packages\pytest\__main__.py", line 9, in <module>
    raise SystemExit(_console_main())
                     ^^^^^^^^^^^^^^^
  File ".\.venv\Lib\site-packages\_pytest\config\__init__.py", line 253, in _console_main
    code = _main(prog=_get_prog_name(sys.argv))
           ^^^^^^^^^^^^^^^^^^^^^^^^^^^^^^^^^^^^
  File ".\.venv\Lib\site-packages\_pytest\config\__init__.py", line 229, in _main
    ret: ExitCode | int = config.hook.pytest_cmdline_main(config=config)
                          ^^^^^^^^^^^^^^^^^^^^^^^^^^^^^^^^^^^^^^^^^^^^^^
  File ".\.venv\Lib\site-packages\pluggy\_hooks.py", line 512, in __call__
    return self._hookexec(self.name, self._hookimpls.copy(), kwargs, firstresult)
           ^^^^^^^^^^^^^^^^^^^^^^^^^^^^^^^^^^^^^^^^^^^^^^^^^^^^^^^^^^^^^^^^^^^^^^
  File ".\.venv\Lib\site-packages\pluggy\_manager.py", line 120, in _hookexec
    return self._inner_hookexec(hook_name, methods, kwargs, firstresult)
           ^^^^^^^^^^^^^^^^^^^^^^^^^^^^^^^^^^^^^^^^^^^^^^^^^^^^^^^^^^^^^
  File ".\.venv\Lib\site-packages\pluggy\_callers.py", line 167, in _multicall
    raise exception
  File ".\.venv\Lib\site-packages\pluggy\_callers.py", line 121, in _multicall
    res = hook_impl.function(*args)
          ^^^^^^^^^^^^^^^^^^^^^^^^^
  File ".\.venv\Lib\site-packages\_pytest\main.py", line 377, in pytest_cmdline_main
    return wrap_session(config, _main)
           ^^^^^^^^^^^^^^^^^^^^^^^^^^^
  File ".\.venv\Lib\site-packages\_pytest\main.py", line 365, in wrap_session
    config.hook.pytest_sessionfinish(
  File ".\.venv\Lib\site-packages\pluggy\_hooks.py", line 512, in __call__
    return self._hookexec(self.name, self._hookimpls.copy(), kwargs, firstresult)
           ^^^^^^^^^^^^^^^^^^^^^^^^^^^^^^^^^^^^^^^^^^^^^^^^^^^^^^^^^^^^^^^^^^^^^^
  File ".\.venv\Lib\site-packages\pluggy\_manager.py", line 120, in _hookexec
    return self._inner_hookexec(hook_name, methods, kwargs, firstresult)
           ^^^^^^^^^^^^^^^^^^^^^^^^^^^^^^^^^^^^^^^^^^^^^^^^^^^^^^^^^^^^^
  File ".\.venv\Lib\site-packages\pluggy\_callers.py", line 167, in _multicall
    raise exception
  File ".\.venv\Lib\site-packages\pluggy\_callers.py", line 139, in _multicall
    teardown.throw(exception)
  File ".\.venv\Lib\site-packages\_pytest\logging.py", line 888, in pytest_sessionfinish
    return (yield)
            ^^^^^
  File ".\.venv\Lib\site-packages\pluggy\_callers.py", line 139, in _multicall
    teardown.throw(exception)
  File ".\.venv\Lib\site-packages\_pytest\terminal.py", line 961, in pytest_sessionfinish
    result = yield
             ^^^^^
  File ".\.venv\Lib\site-packages\pluggy\_callers.py", line 139, in _multicall
    teardown.throw(exception)
  File ".\.venv\Lib\site-packages\_pytest\warnings.py", line 119, in pytest_sessionfinish
    return (yield)
            ^^^^^
  File ".\.venv\Lib\site-packages\pluggy\_callers.py", line 121, in _multicall
    res = hook_impl.function(*args)
          ^^^^^^^^^^^^^^^^^^^^^^^^^
  File ".\.venv\Lib\site-packages\_pytest\tmpdir.py", line 337, in pytest_sessionfinish
    cleanup_dead_symlinks(basetemp)
  File ".\.venv\Lib\site-packages\_pytest\pathlib.py", line 354, in cleanup_dead_symlinks
    for left_dir in root.iterdir():
                    ^^^^^^^^^^^^^^
  File "<python-installations>\cpython-3.12.14-windows-x86_64-none\Lib\pathlib.py", line 1056, in iterdir
    for name in os.listdir(self):
                ^^^^^^^^^^^^^^^^
PermissionError: [WinError 5] 拒绝访问。: '.\\.tmp-m6-cp1-red'
FFFFFFFFFFEEEEEEEEEEEEEEEEEEEEEEEEEEEEEEEEEEEEEEEEEEEEEEEEEEEEEE         [100%]
