============================= test session starts =============================
platform win32 -- Python 3.12.14, pytest-9.1.1, pluggy-1.6.0
rootdir: .
configfile: pyproject.toml
collected 29 items / 28 deselected / 1 selected

tests\integration\test_m6_demo.py F                                      [100%]

================================== FAILURES ===================================
__________ test_independent_auditor_refuses_incomplete_success_claim __________
tests\integration\test_m6_demo.py:48: in test_independent_auditor_refuses_incomplete_success_claim
    audit = independent_auditor()
            ^^^^^^^^^^^^^^^^^^^^^
tests\integration\test_m6_demo.py:40: in independent_auditor
    assert path.exists(), "independent CP2 pair auditor is missing"
E   AssertionError: independent CP2 pair auditor is missing
E   assert False
E    +  where False = exists()
E    +    where exists = WindowsPath('./experiments/M6_CP2_20260928/audit.py').exists
=========================== short test summary info ===========================
FAILED tests/integration/test_m6_demo.py::test_independent_auditor_refuses_incomplete_success_claim
====================== 1 failed, 28 deselected in 0.57s =======================
