============================= test session starts =============================
platform win32 -- Python 3.12.14, pytest-9.1.1, pluggy-1.6.0
rootdir: .
configfile: pyproject.toml
testpaths: tests
collected 855 items

tests\contracts\test_m1_bench_summary.py .....                           [  0%]
tests\contracts\test_m1_ble_connparam_independent_analysis.py .......... [  1%]
..                                                                       [  1%]
tests\contracts\test_m1_ble_fresh_device_factory.py ....                 [  2%]
tests\contracts\test_m1_ble_link_count_formal.py ....................    [  4%]
tests\contracts\test_m1_ble_link_count_formal_v8.py .....                [  5%]
tests\contracts\test_m1_ble_link_count_formal_v9.py ......               [  6%]
tests\contracts\test_m1_ble_link_count_precheck.py ..................... [  8%]
.......                                                                  [  9%]
tests\contracts\test_m1_ble_link_matrix.py ............                  [ 10%]
tests\contracts\test_m1_ble_link_matrix_audit.py .......                 [ 11%]
tests\contracts\test_m1_ble_link_matrix_control.py ...............       [ 13%]
tests\contracts\test_m1_ble_link_matrix_event_timing.py ................ [ 15%]
..                                                                       [ 15%]
tests\contracts\test_m1_ble_link_matrix_preflight.py ..........          [ 16%]
tests\contracts\test_m1_ble_link_matrix_session.py .....                 [ 17%]
tests\contracts\test_m1_ble_physical_gates.py .............              [ 18%]
tests\contracts\test_m1_ble_recorder.py ................................ [ 22%]
......                                                                   [ 23%]
tests\contracts\test_m1_ble_recovery.py ..                               [ 23%]
tests\contracts\test_m1_capture.py .........                             [ 24%]
tests\contracts\test_m1_control.py ...........                           [ 25%]
tests\contracts\test_m1_packet.py .......                                [ 26%]
tests\contracts\test_m1_sequence_qc.py ..........                        [ 27%]
tests\contracts\test_m1_usb.py ......                                    [ 28%]
tests\contracts\test_m1_usb_dual_bench.py .....                          [ 29%]
tests\integration\test_dependency_smoke.py ...                           [ 29%]
tests\integration\test_docs_consistency.py .                             [ 29%]
tests\integration\test_m1_clock_mapping_synthetic.py ..                  [ 29%]
tests\integration\test_m1_single_node_smoke.py ..                        [ 29%]
tests\integration\test_m2_offline_example.py ..                          [ 30%]
tests\integration\test_m2_replay_m1_bench.py ..                          [ 30%]
tests\integration\test_m2_replay_recorded.py .                           [ 30%]
tests\integration\test_m3_synthetic_pipeline.py .                        [ 30%]
tests\integration\test_m4_synthetic_pipeline.py .                        [ 30%]
tests\integration\test_m5_baseline.py .........                          [ 31%]
tests\integration\test_m5_formal_replay.py ..............                [ 33%]
tests\integration\test_m5_perturbation.py .....................          [ 35%]
tests\integration\test_m5_recorded_dual.py ......................        [ 38%]
tests\integration\test_m5_recorded_node.py .....................         [ 40%]
tests\integration\test_m5_recorded_segments.py ......................... [ 43%]
.....                                                                    [ 44%]
tests\integration\test_m5_replay_entry.py .............................. [ 47%]
                                                                         [ 47%]
tests\integration\test_m5_source_export.py .                             [ 48%]
tests\integration\test_m5_stored_demo.py ..............                  [ 49%]
tests\integration\test_m6_demo.py .............................          [ 53%]
tests\integration\test_m6_sample.py .................................... [ 57%]
............................                                             [ 60%]
tests\unit\test_m1_clock_mapping.py ..........                           [ 61%]
tests\unit\test_m1_raw_adapter.py ...                                    [ 62%]
tests\unit\test_m2_calibration.py ..........                             [ 63%]
tests\unit\test_m2_frames.py ........                                    [ 64%]
tests\unit\test_m2_orientation.py ..............                         [ 65%]
tests\unit\test_m2_relative_orientation.py ................              [ 67%]
tests\unit\test_m2_replay.py ........                                    [ 68%]
tests\unit\test_m3_angular_speed.py ............                         [ 70%]
tests\unit\test_m3_elevation.py .................                        [ 72%]
tests\unit\test_m3_interval_rom.py ..............                        [ 73%]
tests\unit\test_m4_metrics.py ...................................        [ 77%]
tests\unit\test_m4_segmentation.py ..................................... [ 82%]
......................                                                   [ 84%]
tests\unit\test_m4_summary.py .......................................    [ 89%]
tests\unit\test_m4_thorax.py ........................................... [ 94%]
............                                                             [ 95%]
tests\unit\test_m5_manifest.py ...                                       [ 96%]
tests\unit\test_m5_source.py ..........................                  [ 99%]
tests\unit\test_reconstruction.py ........                               [100%]

======================= 855 passed in 662.79s (0:11:02) =======================
