.tmp-m6-cp3-full-source\test_missing_sample_member_is_0\input\README.md: broken link SHA256SUMS.json
.tmp-m6-cp3-full-source\test_resolved_link_cannot_ente0\link\adr\ADR-010-explicit-short-gap-reconstruction.md: broken link ../../protocols/M5_PROCESSING_V1_1.md
.tmp-m6-cp3-full-source\test_resolved_link_cannot_ente0\link\adr\ADR-011-recorded-quality-segments.md: broken link ../../protocols/M5_RECORDED_SEGMENTS_V1.md
.tmp-m6-cp3-full-source\test_resolved_link_cannot_ente0\link\development\PROJECT_UNDERSTANDING.md: broken link ../../PROJECT_SCOPE.md
.tmp-m6-cp3-full-source\test_resolved_link_cannot_ente0\link\development\PROJECT_UNDERSTANDING.md: broken link ../../01_PROJECT_SPEC.md
.tmp-m6-cp3-full-source\test_resolved_link_cannot_ente0\link\development\PROJECT_UNDERSTANDING.md: broken link ../../02_DEVELOPMENT_ROADMAP.md
.tmp-m6-cp3-full-source\test_resolved_link_cannot_ente0\link\development\PROJECT_UNDERSTANDING.md: broken link ../../M1_IMPLEMENTATION_PLAN.md
.tmp-m6-cp3-full-source\test_resolved_link_cannot_ente0\link\M4_EXERCISE_ANALYTICS.md: broken link ../protocols/M4_EXERCISE_CONTRACT.md
.tmp-m6-cp3-full-source\test_resolved_link_cannot_ente0\link\M4_EXERCISE_ANALYTICS.md: broken link ../tests/fixtures/M4_KNOWN_EXERCISES.md
.tmp-m6-cp3-full-source\test_resolved_link_cannot_ente0\link\M4_EXERCISE_ANALYTICS.md: broken link ../experiments/M4_CP5_20260926/README.md
.tmp-m6-cp3-full-source\test_resolved_link_cannot_ente0\link\M5_BASELINE.md: broken link ../protocols/M5_VALIDATION_CONTRACT.md
.tmp-m6-cp3-full-source\test_resolved_link_cannot_ente0\link\M5_BASELINE.md: broken link ../experiments/M5_CP2_20260926/README.md
.tmp-m6-cp3-full-source\test_resolved_link_cannot_ente0\link\M5_BASELINE.md: broken link ../experiments/M5_CP2_20260926/reproducibility.json
.tmp-m6-cp3-full-source\test_resolved_link_cannot_ente0\link\M5_BASELINE.md: broken link ../experiments/M5_CP2_20260926/SPEC_NOTES.md
.tmp-m6-cp3-full-source\test_resolved_link_cannot_ente0\link\M5_FORMAL_REPLAY.md: broken link ../M5_4_REPLAY_PLAN.md
.tmp-m6-cp3-full-source\test_resolved_link_cannot_ente0\link\M5_FORMAL_REPLAY.md: broken link ../protocols/M5_VALIDATION_CONTRACT.md
.tmp-m6-cp3-full-source\test_resolved_link_cannot_ente0\link\M5_FORMAL_REPLAY.md: broken link ../protocols/M5_RECORDED_SEGMENTS_V1.md
.tmp-m6-cp3-full-source\test_resolved_link_cannot_ente0\link\M5_FORMAL_REPLAY.md: broken link ../experiments/M5_CP4_STAGE_E_20260927/audit.py
.tmp-m6-cp3-full-source\test_resolved_link_cannot_ente0\link\M5_FORMAL_REPLAY.md: broken link ../experiments/M5_CP4_STAGE_E_20260927/README.md
.tmp-m6-cp3-full-source\test_resolved_link_cannot_ente0\link\M5_FORMAL_REPLAY_E2.md: broken link ../experiments/M5_CP4_STAGE_E2_20260928/README.md
.tmp-m6-cp3-full-source\test_resolved_link_cannot_ente0\link\M5_PERTURBATION.md: broken link ../experiments/M5_CP3_20260926/README.md
.tmp-m6-cp3-full-source\test_resolved_link_cannot_ente0\link\M5_RECORDED_DUAL.md: broken link ../protocols/M5_RECORDED_SEGMENTS_V1.md
.tmp-m6-cp3-full-source\test_resolved_link_cannot_ente0\link\M5_RECORDED_DUAL.md: broken link ../experiments/M5_CP4_STAGE_D_20260927/audit.py
.tmp-m6-cp3-full-source\test_resolved_link_cannot_ente0\link\M5_RECORDED_NODE.md: broken link ../firmware/xiao_nrf52840_sense/evidence/node_b_20260913_compatibility.md
.tmp-m6-cp3-full-source\test_resolved_link_cannot_ente0\link\M5_RECORDED_NODE.md: broken link ../M5_4_REPLAY_PLAN.md
.tmp-m6-cp3-full-source\test_resolved_link_cannot_ente0\link\M5_REPLAY_ENTRY.md: broken link ../M5_4_REPLAY_PLAN.md
.tmp-m6-cp3-full-source\test_resolved_link_cannot_ente0\link\M5_REPLAY_ENTRY.md: broken link ../experiments/M5_CP1_20260926/README.md
.tmp-m6-cp3-full-source\test_resolved_link_cannot_ente0\link\M5_REPLAY_ENTRY.md: broken link ../firmware/xiao_nrf52840_sense/evidence/node_b_20260913_compatibility.md
.tmp-m6-cp3-full-source\test_resolved_link_cannot_ente0\link\M5_REPLAY_ENTRY.md: broken link ../experiments/M1_DUAL_USB_30MIN_RESULT_20260925.md
.tmp-m6-cp3-full-source\test_resolved_link_cannot_ente0\link\M5_REPLAY_ENTRY.md: broken link ../experiments/M5_CP4_STAGE_A_20260927/README.md
.tmp-m6-cp3-full-source\test_resolved_link_cannot_ente0\link\M5_REPLAY_ENTRY.md: broken link ../experiments/M5_CP4_STAGE_B_20260927/README.md
.tmp-m6-cp3-full-source\test_resolved_link_cannot_ente0\link\M5_REPLAY_ENTRY.md: broken link ../experiments/M5_CP4_STAGE_C_20260927/README.md
.tmp-m6-cp3-full-source\test_resolved_link_cannot_ente0\link\M5_STAGE_D_SEGMENTED_PROPOSAL.md: broken link ../protocols/M5_RECORDED_SEGMENTS_V1.md
.tmp-m6-cp3-full-source\test_resolved_link_cannot_ente0\link\M5_STORED_DEMO.md: broken link ../M5_4_REPLAY_PLAN.md
.tmp-m6-cp3-full-source\test_resolved_link_cannot_ente0\link\M6_DEMO.md: broken link ../datasets/samples/m6_synthetic/README.md
.tmp-m6-cp3-full-source\test_resolved_link_cannot_ente0\link\M6_DEMO.md: broken link ../experiments/M6_CP2_20260928/README.md
.tmp-m6-cp3-full-source\test_resolved_link_cannot_ente0\link\M6_DEMO_CONTRACT.md: broken link ../M6_DEVELOPMENT_PLAN.md
.tmp-m6-cp3-full-source\test_resolved_link_cannot_ente0\link\M6_DEMO_CONTRACT.md: broken link ../ACCEPTANCE_CRITERIA.md
.tmp-m6-cp3-full-source\test_resolved_link_cannot_ente0\link\M6_DEMO_CONTRACT.md: broken link ../protocols/M5_PROCESSING_V1_1.md
.tmp-m6-cp3-full-source\test_resolved_link_cannot_ente0\link\M6_DEMO_CONTRACT.md: broken link ../protocols/M5_VALIDATION_CONTRACT.md
.tmp-m6-cp3-full-source\test_resolved_link_cannot_ente0\link\M6_DEMO_CONTRACT.md: broken link ../experiments/M6_CP0_20260928/inventory.json
.tmp-m6-cp3-full-source\test_resolved_link_cannot_ente0\link\M6_DEMO_CONTRACT.md: broken link ../benchmarks/demo/PROTOCOL_DRAFT.md
.tmp-m6-cp3-full-source\test_resolved_link_cannot_ente0\link\M6_RELEASE_CHECKLIST.md: broken link ../ACCEPTANCE_CRITERIA.md
.tmp-m6-cp3-full-source\test_resolved_link_cannot_ente0\link\M6_RELEASE_CHECKLIST.md: broken link ../M6_DEVELOPMENT_PLAN.md
.tmp-m6-cp3-full-source\test_resolved_link_cannot_ente0\link\M6_RELEASE_CHECKLIST.md: broken link ../experiments/M6_CP0_20260928/checks.json
.tmp-m6-cp3-full-source\test_resolved_link_cannot_ente0\link\M6_RELEASE_CHECKLIST.md: broken link ../benchmarks/demo/PROTOCOL_DRAFT.md
.tmp-m6-cp3-full-source\test_resolved_link_cannot_ente0\link\reference\README.md: broken link ../../README.md
.tmp-m6-cp3-full-source\test_resolved_link_cannot_ente0\link\reference\README.md: broken link ../../00_AUDIT_REPORT_v0.2.md
.tmp-m6-cp3-full-source\test_resolved_link_cannot_ente0\link\reference\README.md: broken link ../../01_PROJECT_SPEC.md
.tmp-m6-cp3-full-source\test_resolved_link_cannot_ente0\link\reference\README.md: broken link ../../02_DEVELOPMENT_ROADMAP.md
.tmp-m6-cp3-full-source\test_resolved_link_cannot_ente0\link\reference\README.md: broken link ../../03_THEORY_FOUNDATIONS.md
.tmp-m6-cp3-full-source\test_resolved_link_cannot_ente0\link\reference\README.md: broken link ../../04_AGENT_COLLAB_PREP.md
.tmp-m6-cp3-full-source\test_resolved_link_cannot_ente0\link\reference\README.md: broken link ../../AGENTS.md
Docs check: 1396 Markdown files, 39 archive hashes, 53 errors
