...................FFF                                                   [100%]
================================== FAILURES ===================================
_ test_uv_version_gate_accepts_real_build_metadata_and_rejects_wrong_version[uv 0.12.5 (210d1f678 2026-08-14 x86_64-pc-windows-msvc)-True] _

text = 'uv 0.12.5 (210d1f678 2026-08-14 x86_64-pc-windows-msvc)', allowed = True

    @pytest.mark.parametrize("text,allowed", [("uv 0.12.5 (210d1f678 2026-08-14 x86_64-pc-windows-msvc)", True),
                                              ("uv 0.12.4 (older build)", False), ("unknown", False)])
    def test_uv_version_gate_accepts_real_build_metadata_and_rejects_wrong_version(text, allowed):
>       assert runner().uv_version_allowed(text) is allowed
               ^^^^^^^^^^^^^^^^^^^^^^^^^^^
E       AttributeError: module 'm6_benchmark' has no attribute 'uv_version_allowed'

tests\integration\test_m6_benchmark.py:135: AttributeError
_ test_uv_version_gate_accepts_real_build_metadata_and_rejects_wrong_version[uv 0.12.4 (older build)-False] _

text = 'uv 0.12.4 (older build)', allowed = False

    @pytest.mark.parametrize("text,allowed", [("uv 0.12.5 (210d1f678 2026-08-14 x86_64-pc-windows-msvc)", True),
                                              ("uv 0.12.4 (older build)", False), ("unknown", False)])
    def test_uv_version_gate_accepts_real_build_metadata_and_rejects_wrong_version(text, allowed):
>       assert runner().uv_version_allowed(text) is allowed
               ^^^^^^^^^^^^^^^^^^^^^^^^^^^
E       AttributeError: module 'm6_benchmark' has no attribute 'uv_version_allowed'

tests\integration\test_m6_benchmark.py:135: AttributeError
_ test_uv_version_gate_accepts_real_build_metadata_and_rejects_wrong_version[unknown-False] _

text = 'unknown', allowed = False

    @pytest.mark.parametrize("text,allowed", [("uv 0.12.5 (210d1f678 2026-08-14 x86_64-pc-windows-msvc)", True),
                                              ("uv 0.12.4 (older build)", False), ("unknown", False)])
    def test_uv_version_gate_accepts_real_build_metadata_and_rejects_wrong_version(text, allowed):
>       assert runner().uv_version_allowed(text) is allowed
               ^^^^^^^^^^^^^^^^^^^^^^^^^^^
E       AttributeError: module 'm6_benchmark' has no attribute 'uv_version_allowed'

tests\integration\test_m6_benchmark.py:135: AttributeError
=========================== short test summary info ===========================
FAILED tests/integration/test_m6_benchmark.py::test_uv_version_gate_accepts_real_build_metadata_and_rejects_wrong_version[uv 0.12.5 (210d1f678 2026-08-14 x86_64-pc-windows-msvc)-True]
FAILED tests/integration/test_m6_benchmark.py::test_uv_version_gate_accepts_real_build_metadata_and_rejects_wrong_version[uv 0.12.4 (older build)-False]
FAILED tests/integration/test_m6_benchmark.py::test_uv_version_gate_accepts_real_build_metadata_and_rejects_wrong_version[unknown-False]
3 failed, 19 passed in 1.09s
