......................F                                                  [100%]
================================== FAILURES ===================================
__ test_actual_worker_command_varies_only_in_demo_output_for_pair_whitelist ___

tmp_path = WindowsPath('<temporary-workspace>/kineimu-m6-cp3-red-worker-argv/test_actual_worker_command_var0')

    def test_actual_worker_command_varies_only_in_demo_output_for_pair_whitelist(tmp_path):
        module = runner()
        worker = ROOT / "benchmarks/demo/worker.py"
        commands = []
        for name in ("first", "second"):
            logs = tmp_path / name
            output = logs / "existing"
            output.mkdir(parents=True)
            measured = module.measure([sys.executable, str(worker), "--output", str(output)],
                                      ROOT, module.child_environment(), logs)
>           assert measured["exit_code"] == 1  # Existing Demo output refusal, not argparse failure.
            ^^^^^^^^^^^^^^^^^^^^^^^^^^^^^^^^^
E           assert 2 == 1

tests\integration\test_m6_benchmark.py:148: AssertionError
=========================== short test summary info ===========================
FAILED tests/integration/test_m6_benchmark.py::test_actual_worker_command_varies_only_in_demo_output_for_pair_whitelist
1 failed, 22 passed in 1.25s
