FFFFFFFFFFFFFFFFFF                                                       [100%]
================================== FAILURES ===================================
___________ test_statistics_exclude_warmup_and_use_each_reciprocal ____________

    def test_statistics_exclude_warmup_and_use_each_reciprocal():
>       summary = runner().summarize(rows())
                  ^^^^^^^^

tests\integration\test_m6_benchmark.py:33: 
_ _ _ _ _ _ _ _ _ _ _ _ _ _ _ _ _ _ _ _ _ _ _ _ _ _ _ _ _ _ _ _ _ _ _ _ _ _ _ _

    def runner():
        path = ROOT / "benchmarks/demo/run_benchmark.py"
>       assert path.exists(), "CP3 benchmark runner is missing"
E       AssertionError: CP3 benchmark runner is missing
E       assert False
E        +  where False = exists()
E        +    where exists = WindowsPath('./benchmarks/demo/run_benchmark.py').exists

tests\integration\test_m6_benchmark.py:17: AssertionError
_ test_incomplete_or_inconsistent_attempts_cannot_publish_statistics[failed] __

change = 'failed'

    @pytest.mark.parametrize("change", ["failed", "warmup", "missing", "duplicate", "ns", "seconds", "rate"])
    def test_incomplete_or_inconsistent_attempts_cannot_publish_statistics(change):
        attempts = rows()
        if change == "failed":
            attempts[3].update(disposition="FAIL", correctness=False, exit_code=1)
        elif change == "warmup":
            attempts[0]["correctness"] = False
        elif change == "missing":
            attempts.pop()
        elif change == "duplicate":
            attempts[-1]["slot"] = "timed01"
        elif change == "ns":
            attempts[2]["wall_ns"] = 0
        elif change == "seconds":
            attempts[2]["wall_s"] = 20.0
        else:
            attempts[2]["node_samples_per_s"] = 20.0
>       assert runner().summarize(attempts)["cp3_passed"] is False
               ^^^^^^^^

tests\integration\test_m6_benchmark.py:57: 
_ _ _ _ _ _ _ _ _ _ _ _ _ _ _ _ _ _ _ _ _ _ _ _ _ _ _ _ _ _ _ _ _ _ _ _ _ _ _ _

    def runner():
        path = ROOT / "benchmarks/demo/run_benchmark.py"
>       assert path.exists(), "CP3 benchmark runner is missing"
E       AssertionError: CP3 benchmark runner is missing
E       assert False
E        +  where False = exists()
E        +    where exists = WindowsPath('./benchmarks/demo/run_benchmark.py').exists

tests\integration\test_m6_benchmark.py:17: AssertionError
_ test_incomplete_or_inconsistent_attempts_cannot_publish_statistics[warmup] __

change = 'warmup'

    @pytest.mark.parametrize("change", ["failed", "warmup", "missing", "duplicate", "ns", "seconds", "rate"])
    def test_incomplete_or_inconsistent_attempts_cannot_publish_statistics(change):
        attempts = rows()
        if change == "failed":
            attempts[3].update(disposition="FAIL", correctness=False, exit_code=1)
        elif change == "warmup":
            attempts[0]["correctness"] = False
        elif change == "missing":
            attempts.pop()
        elif change == "duplicate":
            attempts[-1]["slot"] = "timed01"
        elif change == "ns":
            attempts[2]["wall_ns"] = 0
        elif change == "seconds":
            attempts[2]["wall_s"] = 20.0
        else:
            attempts[2]["node_samples_per_s"] = 20.0
>       assert runner().summarize(attempts)["cp3_passed"] is False
               ^^^^^^^^

tests\integration\test_m6_benchmark.py:57: 
_ _ _ _ _ _ _ _ _ _ _ _ _ _ _ _ _ _ _ _ _ _ _ _ _ _ _ _ _ _ _ _ _ _ _ _ _ _ _ _

    def runner():
        path = ROOT / "benchmarks/demo/run_benchmark.py"
>       assert path.exists(), "CP3 benchmark runner is missing"
E       AssertionError: CP3 benchmark runner is missing
E       assert False
E        +  where False = exists()
E        +    where exists = WindowsPath('./benchmarks/demo/run_benchmark.py').exists

tests\integration\test_m6_benchmark.py:17: AssertionError
_ test_incomplete_or_inconsistent_attempts_cannot_publish_statistics[missing] _

change = 'missing'

    @pytest.mark.parametrize("change", ["failed", "warmup", "missing", "duplicate", "ns", "seconds", "rate"])
    def test_incomplete_or_inconsistent_attempts_cannot_publish_statistics(change):
        attempts = rows()
        if change == "failed":
            attempts[3].update(disposition="FAIL", correctness=False, exit_code=1)
        elif change == "warmup":
            attempts[0]["correctness"] = False
        elif change == "missing":
            attempts.pop()
        elif change == "duplicate":
            attempts[-1]["slot"] = "timed01"
        elif change == "ns":
            attempts[2]["wall_ns"] = 0
        elif change == "seconds":
            attempts[2]["wall_s"] = 20.0
        else:
            attempts[2]["node_samples_per_s"] = 20.0
>       assert runner().summarize(attempts)["cp3_passed"] is False
               ^^^^^^^^

tests\integration\test_m6_benchmark.py:57: 
_ _ _ _ _ _ _ _ _ _ _ _ _ _ _ _ _ _ _ _ _ _ _ _ _ _ _ _ _ _ _ _ _ _ _ _ _ _ _ _

    def runner():
        path = ROOT / "benchmarks/demo/run_benchmark.py"
>       assert path.exists(), "CP3 benchmark runner is missing"
E       AssertionError: CP3 benchmark runner is missing
E       assert False
E        +  where False = exists()
E        +    where exists = WindowsPath('./benchmarks/demo/run_benchmark.py').exists

tests\integration\test_m6_benchmark.py:17: AssertionError
_ test_incomplete_or_inconsistent_attempts_cannot_publish_statistics[duplicate] _

change = 'duplicate'

    @pytest.mark.parametrize("change", ["failed", "warmup", "missing", "duplicate", "ns", "seconds", "rate"])
    def test_incomplete_or_inconsistent_attempts_cannot_publish_statistics(change):
        attempts = rows()
        if change == "failed":
            attempts[3].update(disposition="FAIL", correctness=False, exit_code=1)
        elif change == "warmup":
            attempts[0]["correctness"] = False
        elif change == "missing":
            attempts.pop()
        elif change == "duplicate":
            attempts[-1]["slot"] = "timed01"
        elif change == "ns":
            attempts[2]["wall_ns"] = 0
        elif change == "seconds":
            attempts[2]["wall_s"] = 20.0
        else:
            attempts[2]["node_samples_per_s"] = 20.0
>       assert runner().summarize(attempts)["cp3_passed"] is False
               ^^^^^^^^

tests\integration\test_m6_benchmark.py:57: 
_ _ _ _ _ _ _ _ _ _ _ _ _ _ _ _ _ _ _ _ _ _ _ _ _ _ _ _ _ _ _ _ _ _ _ _ _ _ _ _

    def runner():
        path = ROOT / "benchmarks/demo/run_benchmark.py"
>       assert path.exists(), "CP3 benchmark runner is missing"
E       AssertionError: CP3 benchmark runner is missing
E       assert False
E        +  where False = exists()
E        +    where exists = WindowsPath('./benchmarks/demo/run_benchmark.py').exists

tests\integration\test_m6_benchmark.py:17: AssertionError
___ test_incomplete_or_inconsistent_attempts_cannot_publish_statistics[ns] ____

change = 'ns'

    @pytest.mark.parametrize("change", ["failed", "warmup", "missing", "duplicate", "ns", "seconds", "rate"])
    def test_incomplete_or_inconsistent_attempts_cannot_publish_statistics(change):
        attempts = rows()
        if change == "failed":
            attempts[3].update(disposition="FAIL", correctness=False, exit_code=1)
        elif change == "warmup":
            attempts[0]["correctness"] = False
        elif change == "missing":
            attempts.pop()
        elif change == "duplicate":
            attempts[-1]["slot"] = "timed01"
        elif change == "ns":
            attempts[2]["wall_ns"] = 0
        elif change == "seconds":
            attempts[2]["wall_s"] = 20.0
        else:
            attempts[2]["node_samples_per_s"] = 20.0
>       assert runner().summarize(attempts)["cp3_passed"] is False
               ^^^^^^^^

tests\integration\test_m6_benchmark.py:57: 
_ _ _ _ _ _ _ _ _ _ _ _ _ _ _ _ _ _ _ _ _ _ _ _ _ _ _ _ _ _ _ _ _ _ _ _ _ _ _ _

    def runner():
        path = ROOT / "benchmarks/demo/run_benchmark.py"
>       assert path.exists(), "CP3 benchmark runner is missing"
E       AssertionError: CP3 benchmark runner is missing
E       assert False
E        +  where False = exists()
E        +    where exists = WindowsPath('./benchmarks/demo/run_benchmark.py').exists

tests\integration\test_m6_benchmark.py:17: AssertionError
_ test_incomplete_or_inconsistent_attempts_cannot_publish_statistics[seconds] _

change = 'seconds'

    @pytest.mark.parametrize("change", ["failed", "warmup", "missing", "duplicate", "ns", "seconds", "rate"])
    def test_incomplete_or_inconsistent_attempts_cannot_publish_statistics(change):
        attempts = rows()
        if change == "failed":
            attempts[3].update(disposition="FAIL", correctness=False, exit_code=1)
        elif change == "warmup":
            attempts[0]["correctness"] = False
        elif change == "missing":
            attempts.pop()
        elif change == "duplicate":
            attempts[-1]["slot"] = "timed01"
        elif change == "ns":
            attempts[2]["wall_ns"] = 0
        elif change == "seconds":
            attempts[2]["wall_s"] = 20.0
        else:
            attempts[2]["node_samples_per_s"] = 20.0
>       assert runner().summarize(attempts)["cp3_passed"] is False
               ^^^^^^^^

tests\integration\test_m6_benchmark.py:57: 
_ _ _ _ _ _ _ _ _ _ _ _ _ _ _ _ _ _ _ _ _ _ _ _ _ _ _ _ _ _ _ _ _ _ _ _ _ _ _ _

    def runner():
        path = ROOT / "benchmarks/demo/run_benchmark.py"
>       assert path.exists(), "CP3 benchmark runner is missing"
E       AssertionError: CP3 benchmark runner is missing
E       assert False
E        +  where False = exists()
E        +    where exists = WindowsPath('./benchmarks/demo/run_benchmark.py').exists

tests\integration\test_m6_benchmark.py:17: AssertionError
__ test_incomplete_or_inconsistent_attempts_cannot_publish_statistics[rate] ___

change = 'rate'

    @pytest.mark.parametrize("change", ["failed", "warmup", "missing", "duplicate", "ns", "seconds", "rate"])
    def test_incomplete_or_inconsistent_attempts_cannot_publish_statistics(change):
        attempts = rows()
        if change == "failed":
            attempts[3].update(disposition="FAIL", correctness=False, exit_code=1)
        elif change == "warmup":
            attempts[0]["correctness"] = False
        elif change == "missing":
            attempts.pop()
        elif change == "duplicate":
            attempts[-1]["slot"] = "timed01"
        elif change == "ns":
            attempts[2]["wall_ns"] = 0
        elif change == "seconds":
            attempts[2]["wall_s"] = 20.0
        else:
            attempts[2]["node_samples_per_s"] = 20.0
>       assert runner().summarize(attempts)["cp3_passed"] is False
               ^^^^^^^^

tests\integration\test_m6_benchmark.py:57: 
_ _ _ _ _ _ _ _ _ _ _ _ _ _ _ _ _ _ _ _ _ _ _ _ _ _ _ _ _ _ _ _ _ _ _ _ _ _ _ _

    def runner():
        path = ROOT / "benchmarks/demo/run_benchmark.py"
>       assert path.exists(), "CP3 benchmark runner is missing"
E       AssertionError: CP3 benchmark runner is missing
E       assert False
E        +  where False = exists()
E        +    where exists = WindowsPath('./benchmarks/demo/run_benchmark.py').exists

tests\integration\test_m6_benchmark.py:17: AssertionError
_________ test_batch_output_cannot_overlap_repository[benchmarks/new] _________

name = 'benchmarks/new'

    @pytest.mark.parametrize("name", ["benchmarks/new", "experiments/new", "datasets/new", "demo-output-benchmark"])
    def test_batch_output_cannot_overlap_repository(name):
        with pytest.raises(ValueError):
>           runner().protect(ROOT / name)
            ^^^^^^^^

tests\integration\test_m6_benchmark.py:63: 
_ _ _ _ _ _ _ _ _ _ _ _ _ _ _ _ _ _ _ _ _ _ _ _ _ _ _ _ _ _ _ _ _ _ _ _ _ _ _ _

    def runner():
        path = ROOT / "benchmarks/demo/run_benchmark.py"
>       assert path.exists(), "CP3 benchmark runner is missing"
E       AssertionError: CP3 benchmark runner is missing
E       assert False
E        +  where False = exists()
E        +    where exists = WindowsPath('./benchmarks/demo/run_benchmark.py').exists

tests\integration\test_m6_benchmark.py:17: AssertionError
________ test_batch_output_cannot_overlap_repository[experiments/new] _________

name = 'experiments/new'

    @pytest.mark.parametrize("name", ["benchmarks/new", "experiments/new", "datasets/new", "demo-output-benchmark"])
    def test_batch_output_cannot_overlap_repository(name):
        with pytest.raises(ValueError):
>           runner().protect(ROOT / name)
            ^^^^^^^^

tests\integration\test_m6_benchmark.py:63: 
_ _ _ _ _ _ _ _ _ _ _ _ _ _ _ _ _ _ _ _ _ _ _ _ _ _ _ _ _ _ _ _ _ _ _ _ _ _ _ _

    def runner():
        path = ROOT / "benchmarks/demo/run_benchmark.py"
>       assert path.exists(), "CP3 benchmark runner is missing"
E       AssertionError: CP3 benchmark runner is missing
E       assert False
E        +  where False = exists()
E        +    where exists = WindowsPath('./benchmarks/demo/run_benchmark.py').exists

tests\integration\test_m6_benchmark.py:17: AssertionError
__________ test_batch_output_cannot_overlap_repository[datasets/new] __________

name = 'datasets/new'

    @pytest.mark.parametrize("name", ["benchmarks/new", "experiments/new", "datasets/new", "demo-output-benchmark"])
    def test_batch_output_cannot_overlap_repository(name):
        with pytest.raises(ValueError):
>           runner().protect(ROOT / name)
            ^^^^^^^^

tests\integration\test_m6_benchmark.py:63: 
_ _ _ _ _ _ _ _ _ _ _ _ _ _ _ _ _ _ _ _ _ _ _ _ _ _ _ _ _ _ _ _ _ _ _ _ _ _ _ _

    def runner():
        path = ROOT / "benchmarks/demo/run_benchmark.py"
>       assert path.exists(), "CP3 benchmark runner is missing"
E       AssertionError: CP3 benchmark runner is missing
E       assert False
E        +  where False = exists()
E        +    where exists = WindowsPath('./benchmarks/demo/run_benchmark.py').exists

tests\integration\test_m6_benchmark.py:17: AssertionError
_____ test_batch_output_cannot_overlap_repository[demo-output-benchmark] ______

name = 'demo-output-benchmark'

    @pytest.mark.parametrize("name", ["benchmarks/new", "experiments/new", "datasets/new", "demo-output-benchmark"])
    def test_batch_output_cannot_overlap_repository(name):
        with pytest.raises(ValueError):
>           runner().protect(ROOT / name)
            ^^^^^^^^

tests\integration\test_m6_benchmark.py:63: 
_ _ _ _ _ _ _ _ _ _ _ _ _ _ _ _ _ _ _ _ _ _ _ _ _ _ _ _ _ _ _ _ _ _ _ _ _ _ _ _

    def runner():
        path = ROOT / "benchmarks/demo/run_benchmark.py"
>       assert path.exists(), "CP3 benchmark runner is missing"
E       AssertionError: CP3 benchmark runner is missing
E       assert False
E        +  where False = exists()
E        +    where exists = WindowsPath('./benchmarks/demo/run_benchmark.py').exists

tests\integration\test_m6_benchmark.py:17: AssertionError
______________________ test_existing_batch_is_preserved _______________________

tmp_path = WindowsPath('./.tmp-m6-cp3-red/test_existing_batch_is_preserv0')

    def test_existing_batch_is_preserved(tmp_path):
        (tmp_path / "keep").write_bytes(b"immutable")
        with pytest.raises(FileExistsError):
>           runner().protect(tmp_path)
            ^^^^^^^^

tests\integration\test_m6_benchmark.py:70: 
_ _ _ _ _ _ _ _ _ _ _ _ _ _ _ _ _ _ _ _ _ _ _ _ _ _ _ _ _ _ _ _ _ _ _ _ _ _ _ _

    def runner():
        path = ROOT / "benchmarks/demo/run_benchmark.py"
>       assert path.exists(), "CP3 benchmark runner is missing"
E       AssertionError: CP3 benchmark runner is missing
E       assert False
E        +  where False = exists()
E        +    where exists = WindowsPath('./benchmarks/demo/run_benchmark.py').exists

tests\integration\test_m6_benchmark.py:17: AssertionError
_______ test_child_failure_retains_command_pid_threads_and_both_streams _______

tmp_path = WindowsPath('./.tmp-m6-cp3-red/test_child_failure_retains_com0')

    def test_child_failure_retains_command_pid_threads_and_both_streams(tmp_path):
>       module = runner()
                 ^^^^^^^^

tests\integration\test_m6_benchmark.py:75: 
_ _ _ _ _ _ _ _ _ _ _ _ _ _ _ _ _ _ _ _ _ _ _ _ _ _ _ _ _ _ _ _ _ _ _ _ _ _ _ _

    def runner():
        path = ROOT / "benchmarks/demo/run_benchmark.py"
>       assert path.exists(), "CP3 benchmark runner is missing"
E       AssertionError: CP3 benchmark runner is missing
E       assert False
E        +  where False = exists()
E        +    where exists = WindowsPath('./benchmarks/demo/run_benchmark.py').exists

tests\integration\test_m6_benchmark.py:17: AssertionError
__ test_inventory_verification_detects_byte_and_membership_changes[changed] ___

change = 'changed'
tmp_path = WindowsPath('./.tmp-m6-cp3-red/test_inventory_verification_de0')

    @pytest.mark.parametrize("change", ["changed", "added", "missing"])
    def test_inventory_verification_detects_byte_and_membership_changes(change, tmp_path):
>       module = runner()
                 ^^^^^^^^

tests\integration\test_m6_benchmark.py:95: 
_ _ _ _ _ _ _ _ _ _ _ _ _ _ _ _ _ _ _ _ _ _ _ _ _ _ _ _ _ _ _ _ _ _ _ _ _ _ _ _

    def runner():
        path = ROOT / "benchmarks/demo/run_benchmark.py"
>       assert path.exists(), "CP3 benchmark runner is missing"
E       AssertionError: CP3 benchmark runner is missing
E       assert False
E        +  where False = exists()
E        +    where exists = WindowsPath('./benchmarks/demo/run_benchmark.py').exists

tests\integration\test_m6_benchmark.py:17: AssertionError
___ test_inventory_verification_detects_byte_and_membership_changes[added] ____

change = 'added'
tmp_path = WindowsPath('./.tmp-m6-cp3-red/test_inventory_verification_de1')

    @pytest.mark.parametrize("change", ["changed", "added", "missing"])
    def test_inventory_verification_detects_byte_and_membership_changes(change, tmp_path):
>       module = runner()
                 ^^^^^^^^

tests\integration\test_m6_benchmark.py:95: 
_ _ _ _ _ _ _ _ _ _ _ _ _ _ _ _ _ _ _ _ _ _ _ _ _ _ _ _ _ _ _ _ _ _ _ _ _ _ _ _

    def runner():
        path = ROOT / "benchmarks/demo/run_benchmark.py"
>       assert path.exists(), "CP3 benchmark runner is missing"
E       AssertionError: CP3 benchmark runner is missing
E       assert False
E        +  where False = exists()
E        +    where exists = WindowsPath('./benchmarks/demo/run_benchmark.py').exists

tests\integration\test_m6_benchmark.py:17: AssertionError
__ test_inventory_verification_detects_byte_and_membership_changes[missing] ___

change = 'missing'
tmp_path = WindowsPath('./.tmp-m6-cp3-red/test_inventory_verification_de2')

    @pytest.mark.parametrize("change", ["changed", "added", "missing"])
    def test_inventory_verification_detects_byte_and_membership_changes(change, tmp_path):
>       module = runner()
                 ^^^^^^^^

tests\integration\test_m6_benchmark.py:95: 
_ _ _ _ _ _ _ _ _ _ _ _ _ _ _ _ _ _ _ _ _ _ _ _ _ _ _ _ _ _ _ _ _ _ _ _ _ _ _ _

    def runner():
        path = ROOT / "benchmarks/demo/run_benchmark.py"
>       assert path.exists(), "CP3 benchmark runner is missing"
E       AssertionError: CP3 benchmark runner is missing
E       assert False
E        +  where False = exists()
E        +    where exists = WindowsPath('./benchmarks/demo/run_benchmark.py').exists

tests\integration\test_m6_benchmark.py:17: AssertionError
_______________ test_summary_does_not_mutate_retained_attempts ________________

    def test_summary_does_not_mutate_retained_attempts():
        attempts = rows()
        original = copy.deepcopy(attempts)
>       runner().summarize(attempts)
        ^^^^^^^^

tests\integration\test_m6_benchmark.py:113: 
_ _ _ _ _ _ _ _ _ _ _ _ _ _ _ _ _ _ _ _ _ _ _ _ _ _ _ _ _ _ _ _ _ _ _ _ _ _ _ _

    def runner():
        path = ROOT / "benchmarks/demo/run_benchmark.py"
>       assert path.exists(), "CP3 benchmark runner is missing"
E       AssertionError: CP3 benchmark runner is missing
E       assert False
E        +  where False = exists()
E        +    where exists = WindowsPath('./benchmarks/demo/run_benchmark.py').exists

tests\integration\test_m6_benchmark.py:17: AssertionError
=========================== short test summary info ===========================
FAILED tests/integration/test_m6_benchmark.py::test_statistics_exclude_warmup_and_use_each_reciprocal
FAILED tests/integration/test_m6_benchmark.py::test_incomplete_or_inconsistent_attempts_cannot_publish_statistics[failed]
FAILED tests/integration/test_m6_benchmark.py::test_incomplete_or_inconsistent_attempts_cannot_publish_statistics[warmup]
FAILED tests/integration/test_m6_benchmark.py::test_incomplete_or_inconsistent_attempts_cannot_publish_statistics[missing]
FAILED tests/integration/test_m6_benchmark.py::test_incomplete_or_inconsistent_attempts_cannot_publish_statistics[duplicate]
FAILED tests/integration/test_m6_benchmark.py::test_incomplete_or_inconsistent_attempts_cannot_publish_statistics[ns]
FAILED tests/integration/test_m6_benchmark.py::test_incomplete_or_inconsistent_attempts_cannot_publish_statistics[seconds]
FAILED tests/integration/test_m6_benchmark.py::test_incomplete_or_inconsistent_attempts_cannot_publish_statistics[rate]
FAILED tests/integration/test_m6_benchmark.py::test_batch_output_cannot_overlap_repository[benchmarks/new]
FAILED tests/integration/test_m6_benchmark.py::test_batch_output_cannot_overlap_repository[experiments/new]
FAILED tests/integration/test_m6_benchmark.py::test_batch_output_cannot_overlap_repository[datasets/new]
FAILED tests/integration/test_m6_benchmark.py::test_batch_output_cannot_overlap_repository[demo-output-benchmark]
FAILED tests/integration/test_m6_benchmark.py::test_existing_batch_is_preserved
FAILED tests/integration/test_m6_benchmark.py::test_child_failure_retains_command_pid_threads_and_both_streams
FAILED tests/integration/test_m6_benchmark.py::test_inventory_verification_detects_byte_and_membership_changes[changed]
FAILED tests/integration/test_m6_benchmark.py::test_inventory_verification_detects_byte_and_membership_changes[added]
FAILED tests/integration/test_m6_benchmark.py::test_inventory_verification_detects_byte_and_membership_changes[missing]
FAILED tests/integration/test_m6_benchmark.py::test_summary_does_not_mutate_retained_attempts
18 failed in 0.83s
