   Building kineimu-shoulder @ file:///.
      Built kineimu-shoulder @ file:///.
Uninstalled 1 package in 5ms
warning: Failed to hardlink files; falling back to full copy. This may lead to degraded performance.
         If the cache and target directories are on different filesystems, hardlinking may not be supported.
         If this is intentional, set `export UV_LINK_MODE=copy` or use `--link-mode=copy` to suppress this warning.
Installed 1 package in 34ms
============================= test session starts =============================
platform win32 -- Python 3.12.14, pytest-9.1.1, pluggy-1.6.0
rootdir: .
configfile: pyproject.toml
testpaths: tests
collected 878 items

tests\contracts\test_m1_bench_summary.py .....                           [  0%]
tests\contracts\test_m1_ble_connparam_independent_analysis.py .......... [  1%]
..                                                                       [  1%]
tests\contracts\test_m1_ble_fresh_device_factory.py ....                 [  2%]
tests\contracts\test_m1_ble_link_count_formal.py ....................    [  4%]
tests\contracts\test_m1_ble_link_count_formal_v8.py .....                [  5%]
tests\contracts\test_m1_ble_link_count_formal_v9.py ......               [  5%]
tests\contracts\test_m1_ble_link_count_precheck.py ..................... [  8%]
.......                                                                  [  9%]
tests\contracts\test_m1_ble_link_matrix.py ............                  [ 10%]
tests\contracts\test_m1_ble_link_matrix_audit.py .......                 [ 11%]
tests\contracts\test_m1_ble_link_matrix_control.py ...............       [ 12%]
tests\contracts\test_m1_ble_link_matrix_event_timing.py ................ [ 14%]
..                                                                       [ 15%]
tests\contracts\test_m1_ble_link_matrix_preflight.py ..........          [ 16%]
tests\contracts\test_m1_ble_link_matrix_session.py .....                 [ 16%]
tests\contracts\test_m1_ble_physical_gates.py .............              [ 18%]
tests\contracts\test_m1_ble_recorder.py ................................ [ 21%]
......                                                                   [ 22%]
tests\contracts\test_m1_ble_recovery.py ..                               [ 22%]
tests\contracts\test_m1_capture.py .........                             [ 23%]
tests\contracts\test_m1_control.py ...........                           [ 25%]
tests\contracts\test_m1_packet.py .......                                [ 25%]
tests\contracts\test_m1_sequence_qc.py ..........                        [ 26%]
tests\contracts\test_m1_usb.py ......                                    [ 27%]
tests\contracts\test_m1_usb_dual_bench.py .....                          [ 28%]
tests\integration\test_dependency_smoke.py ...                           [ 28%]
tests\integration\test_docs_consistency.py .                             [ 28%]
tests\integration\test_m1_clock_mapping_synthetic.py ..                  [ 28%]
tests\integration\test_m1_single_node_smoke.py ..                        [ 29%]
tests\integration\test_m2_offline_example.py ..                          [ 29%]
tests\integration\test_m2_replay_m1_bench.py ..                          [ 29%]
tests\integration\test_m2_replay_recorded.py .                           [ 29%]
tests\integration\test_m3_synthetic_pipeline.py .                        [ 29%]
tests\integration\test_m4_synthetic_pipeline.py .                        [ 29%]
tests\integration\test_m5_baseline.py .........                          [ 30%]
tests\integration\test_m5_formal_replay.py ..............                [ 32%]
tests\integration\test_m5_perturbation.py .....................          [ 34%]
tests\integration\test_m5_recorded_dual.py ......................        [ 37%]
tests\integration\test_m5_recorded_node.py .....................         [ 39%]
tests\integration\test_m5_recorded_segments.py ......................... [ 42%]
.....                                                                    [ 43%]
tests\integration\test_m5_replay_entry.py .............................. [ 46%]
                                                                         [ 46%]
tests\integration\test_m5_source_export.py .                             [ 46%]
tests\integration\test_m5_stored_demo.py ..............                  [ 48%]
tests\integration\test_m6_benchmark.py .......................           [ 51%]
tests\integration\test_m6_demo.py .............................          [ 54%]
tests\integration\test_m6_sample.py .................................... [ 58%]
............................                                             [ 61%]
tests\unit\test_m1_clock_mapping.py ..........                           [ 62%]
tests\unit\test_m1_raw_adapter.py ...                                    [ 63%]
tests\unit\test_m2_calibration.py ..........                             [ 64%]
tests\unit\test_m2_frames.py ........                                    [ 65%]
tests\unit\test_m2_orientation.py ..............                         [ 66%]
tests\unit\test_m2_relative_orientation.py ................              [ 68%]
tests\unit\test_m2_replay.py ........                                    [ 69%]
tests\unit\test_m3_angular_speed.py ............                         [ 70%]
tests\unit\test_m3_elevation.py .................                        [ 72%]
tests\unit\test_m3_interval_rom.py ..............                        [ 74%]
tests\unit\test_m4_metrics.py ...................................        [ 78%]
tests\unit\test_m4_segmentation.py ..................................... [ 82%]
......................                                                   [ 85%]
tests\unit\test_m4_summary.py .......................................    [ 89%]
tests\unit\test_m4_thorax.py ........................................... [ 94%]
............                                                             [ 95%]
tests\unit\test_m5_manifest.py ...                                       [ 96%]
tests\unit\test_m5_source.py ..........................                  [ 99%]
tests\unit\test_reconstruction.py ........                               [100%]

======================= 878 passed in 692.36s (0:11:32) =======================
